==== s_read_clipboard on mac

==== s_write_clipboard on mac



**** Result ****


0 examples, 0 failures
