==== s_read_clipboard on cygwin

==== s_write_clipboard on cygwin



**** Result ****


0 examples, 0 failures
