==== s_read_pastebuffer 

==== s_read_pastebuffer_tmux 

==== s_write_pastebuffer 

==== s_write_pastebuffer_tmux 



**** Result ****


0 examples, 0 failures
