==== commands 

==== named_key_mappings 

==== ui_key_mappings 



**** Result ****


0 examples, 0 failures
