==== s_read_clipboard on x

==== s_write_clipboard on x



**** Result ****


0 examples, 0 failures
